// Jest Snapshot v1, https://goo.gl/fbAQLP

exports[`matches theme 1`] = `
Object {
  "colors": Object {
    "alert": Object {
      "critical": Object {
        "critical10": [Function],
        "critical20": [Function],
        "critical30": [Function],
        "critical40": [Function],
        "critical50": [Function],
      },
      "informative": Object {
        "informative10": [Function],
        "informative20": [Function],
        "informative30": [Function],
        "informative40": [Function],
        "informative50": [Function],
      },
      "success": Object {
        "success10": [Function],
        "success20": [Function],
        "success30": [Function],
        "success40": [Function],
        "success50": [Function],
      },
      "warning": Object {
        "warning10": [Function],
        "warning20": [Function],
        "warning30": [Function],
        "warning40": [Function],
        "warning50": [Function],
      },
    },
    "primary": Object {
      "primaryBlue": Object {
        "blue10": [Function],
        "blue100": [Function],
        "blue20": [Function],
        "blue30": [Function],
        "blue40": [Function],
        "blue50": [Function],
        "blue60": [Function],
        "blue70": [Function],
        "blue80": [Function],
        "blue90": [Function],
      },
    },
    "secondary": Object {
      "secondaryDeepGreen": Object {
        "deepGreen10": [Function],
        "deepGreen100": [Function],
        "deepGreen20": [Function],
        "deepGreen30": [Function],
        "deepGreen40": [Function],
        "deepGreen50": [Function],
        "deepGreen60": [Function],
        "deepGreen70": [Function],
        "deepGreen80": [Function],
        "deepGreen90": [Function],
      },
      "secondaryGold": Object {
        "gold10": [Function],
        "gold100": [Function],
        "gold20": [Function],
        "gold30": [Function],
        "gold40": [Function],
        "gold50": [Function],
        "gold60": [Function],
        "gold70": [Function],
        "gold80": [Function],
        "gold90": [Function],
      },
      "secondaryLimeGreen": Object {
        "limeGreen10": [Function],
        "limeGreen100": [Function],
        "limeGreen20": [Function],
        "limeGreen30": [Function],
        "limeGreen40": [Function],
        "limeGreen50": [Function],
        "limeGreen60": [Function],
        "limeGreen70": [Function],
        "limeGreen80": [Function],
        "limeGreen90": [Function],
      },
      "secondaryMintGreen": Object {
        "mintGreen10": [Function],
        "mintGreen100": [Function],
        "mintGreen20": [Function],
        "mintGreen30": [Function],
        "mintGreen40": [Function],
        "mintGreen50": [Function],
        "mintGreen60": [Function],
        "mintGreen70": [Function],
        "mintGreen80": [Function],
        "mintGreen90": [Function],
      },
      "secondaryNeutralGrey": Object {
        "grey10": [Function],
        "grey100": [Function],
        "grey20": [Function],
        "grey30": [Function],
        "grey40": [Function],
        "grey50": [Function],
        "grey60": [Function],
        "grey70": [Function],
        "grey80": [Function],
        "grey90": [Function],
      },
      "secondaryPeach": Object {
        "peach10": [Function],
        "peach100": [Function],
        "peach20": [Function],
        "peach30": [Function],
        "peach40": [Function],
        "peach50": [Function],
        "peach60": [Function],
        "peach70": [Function],
        "peach80": [Function],
        "peach90": [Function],
      },
      "secondaryPink": Object {
        "pink10": [Function],
        "pink100": [Function],
        "pink20": [Function],
        "pink30": [Function],
        "pink40": [Function],
        "pink50": [Function],
        "pink60": [Function],
        "pink70": [Function],
        "pink80": [Function],
        "pink90": [Function],
      },
      "secondaryPurple": Object {
        "purple10": [Function],
        "purple100": [Function],
        "purple20": [Function],
        "purple30": [Function],
        "purple40": [Function],
        "purple50": [Function],
        "purple60": [Function],
        "purple70": [Function],
        "purple80": [Function],
        "purple90": [Function],
      },
      "secondaryRoyalBlue": Object {
        "royalBlue10": [Function],
        "royalBlue100": [Function],
        "royalBlue20": [Function],
        "royalBlue30": [Function],
        "royalBlue40": [Function],
        "royalBlue50": [Function],
        "royalBlue60": [Function],
        "royalBlue70": [Function],
        "royalBlue80": [Function],
        "royalBlue90": [Function],
      },
    },
    "token": Object {
      "borderBold": "rgba(123,123,123,1)",
      "borderContrast": "rgba(66,66,66,1)",
      "borderCritical": "rgba(237,169,159,1)",
      "borderInformative": "rgba(169,193,231,1)",
      "borderMinimal": "rgba(224,224,224,1)",
      "borderModerate": "rgba(173,173,173,1)",
      "borderSubtle": "rgba(205,205,205,1)",
      "borderSuccess": "rgba(153,199,187,1)",
      "borderWarning": "rgba(252,208,168,1)",
      "brand": "rgba(44,213,196,1)",
      "shadeBlack": "#000000",
      "shadeWhite": "#FFFFFF",
      "subSurfaceCritical": "rgba(250,233,231,1)",
      "subSurfaceInformative": "rgba(233,239,249,1)",
      "subSurfaceSuccess": "rgba(230,241,238,1)",
      "subSurfaceWarning": "rgba(254,243,233,1)",
      "surfaceContrast": "rgba(66,66,66,1)",
      "surfaceOverlay": "rgba(66,66,66,0.8)",
      "surfacePrimary": "#FFFFFF",
      "surfaceSecondary": "rgba(241,241,241,1)",
      "surfaceStrong": "#14625A",
    },
  },
  "fonts": Object {
    "primary": Object {
      "family": "Lato, sans-serif",
      "variant": Object {
        "button1": "1.25rem",
        "button2": "1.125rem",
        "button3": "1rem",
        "button4": "0.875rem",
        "caption1": "0.75rem",
        "p1": "1.25rem",
        "p2": "1.125rem",
        "p3": "1rem",
        "p4": "0.875rem",
      },
      "weight": Object {
        "bold": 700,
        "normal": 400,
      },
    },
    "secondary": Object {
      "family": "Mulish, sans-serif",
      "variant": Object {
        "display1": "4.625rem",
        "display2": "4.125rem",
        "h1": "3.25rem",
        "h2": "2.875rem",
        "h3": "2.25rem",
        "h4": "1.8125rem",
        "h5": "1.625rem",
        "h6": "1.25rem",
      },
      "weight": Object {
        "black": 900,
        "bold": 700,
        "extraBold": 800,
      },
    },
  },
}
`;
