// Jest Snapshot v1, https://goo.gl/fbAQLP

exports[`matches icons 1`] = `
Object {
  "ArrowIcon": [Function],
}
`;
